SIGSEGV on address 0x600
f
Accessed 0x600
SIGSEGV on address 0xff0
g
f
Accessed 0xff0
SIGSEGV on address 0xb30
h
f
Accessed 0xb30
SIGSEGV on address 0xe30
j
j
f
Accessed 0xe30
SIGSEGV on address 0x660
f
f
f
f
f
f
f
f
f
f
f
f
f
f
f
f
Accessed 0x660
SIGSEGV on address 0x240
j
h
g
h
j
j
g
g
f
f
f
f
h
h
f
f
f
Accessed 0x240
