SIGSEGV on address 0x600
f
Accessed 0x600
SIGSEGV on address 0xd00
f
f
f
f
f
f
f
h
h
f
Accessed 0xd00
SIGSEGV on address 0x3d0
h
f
h
f
h
f
h
f
h
h
h
f
f
h
f
Accessed 0x3d0
SIGSEGV on address 0x20
h
f
h
h
f
h
f
h
h
f
f
f
Accessed 0x20
SIGSEGV on address 0xa50
h
f
h
f
h
h
h
f
f
Accessed 0xa50
SIGSEGV on address 0xe90
h
f
f
f
f
f
h
h
f
Accessed 0xe90
